May 13 13:07:23 raspberrypi kernel: [    0.000000] Booting Linux on physical CPU 0x0
May 13 13:07:23 raspberrypi kernel: [    0.000000] Linux version 4.14.39-v7+ (root@raspberrypi) (gcc version 6.3.0 20170516 (Raspbian 6.3.0-18+rpi1+deb9u1)) #4 SMP Sun May 13 13:03:24 KST 2018
May 13 13:07:23 raspberrypi kernel: [    0.000000] CPU: ARMv7 Processor [410fd034] revision 4 (ARMv7), cr=10c5383d
May 13 13:07:23 raspberrypi kernel: [    0.000000] CPU: div instructions available: patching division code
May 13 13:07:23 raspberrypi kernel: [    0.000000] CPU: PIPT / VIPT nonaliasing data cache, VIPT aliasing instruction cache
May 13 13:07:23 raspberrypi kernel: [    0.000000] OF: fdt: Machine model: Raspberry Pi 3 Model B Rev 1.2
May 13 13:07:23 raspberrypi kernel: [    0.000000] Memory policy: Data cache writealloc
May 13 13:07:23 raspberrypi kernel: [    0.000000] cma: Reserved 8 MiB at 0x3ac00000
May 13 13:07:23 raspberrypi kernel: [    0.000000] On node 0 totalpages: 242688
May 13 13:07:23 raspberrypi kernel: [    0.000000] free_area_init_node: node 0, pgdat 80c84e00, node_mem_map ba3a1000
May 13 13:07:23 raspberrypi kernel: [    0.000000]   Normal zone: 2133 pages used for memmap
May 13 13:07:23 raspberrypi kernel: [    0.000000]   Normal zone: 0 pages reserved
May 13 13:07:23 raspberrypi kernel: [    0.000000]   Normal zone: 242688 pages, LIFO batch:31
May 13 13:07:23 raspberrypi kernel: [    0.000000] percpu: Embedded 17 pages/cpu @ba34a000 s38604 r8192 d22836 u69632
May 13 13:07:23 raspberrypi kernel: [    0.000000] pcpu-alloc: s38604 r8192 d22836 u69632 alloc=17*4096
May 13 13:07:23 raspberrypi kernel: [    0.000000] pcpu-alloc: [0] 0 [0] 1 [0] 2 [0] 3 
May 13 13:07:23 raspberrypi kernel: [    0.000000] Built 1 zonelists, mobility grouping on.  Total pages: 240555
May 13 13:07:23 raspberrypi kernel: [    0.000000] Kernel command line: 8250.nr_uarts=0 bcm2708_fb.fbwidth=1824 bcm2708_fb.fbheight=984 bcm2708_fb.fbswap=1 vc_mem.mem_base=0x3ec00000 vc_mem.mem_size=0x40000000  dwc_otg.lpm_enable=0 console=ttyS0,115200 console=tty1 root=PARTUUID=83c72cd0-02 rootfstype=ext4 elevator=deadline fsck.repair=yes rootwait quiet splash plymouth.ignore-serial-consoles
May 13 13:07:23 raspberrypi kernel: [    0.000000] PID hash table entries: 4096 (order: 2, 16384 bytes)
May 13 13:07:23 raspberrypi kernel: [    0.000000] Dentry cache hash table entries: 131072 (order: 7, 524288 bytes)
May 13 13:07:23 raspberrypi kernel: [    0.000000] Inode-cache hash table entries: 65536 (order: 6, 262144 bytes)
May 13 13:07:23 raspberrypi kernel: [    0.000000] Memory: 940236K/970752K available (7168K kernel code, 575K rwdata, 2096K rodata, 1024K init, 705K bss, 22324K reserved, 8192K cma-reserved)
May 13 13:07:23 raspberrypi kernel: [    0.000000] Virtual kernel memory layout:
May 13 13:07:23 raspberrypi kernel: [    0.000000]     vector  : 0xffff0000 - 0xffff1000   (   4 kB)
May 13 13:07:23 raspberrypi kernel: [    0.000000]     fixmap  : 0xffc00000 - 0xfff00000   (3072 kB)
May 13 13:07:23 raspberrypi kernel: [    0.000000]     vmalloc : 0xbb800000 - 0xff800000   (1088 MB)
May 13 13:07:23 raspberrypi kernel: [    0.000000]     lowmem  : 0x80000000 - 0xbb400000   ( 948 MB)
May 13 13:07:23 raspberrypi kernel: [    0.000000]     modules : 0x7f000000 - 0x80000000   (  16 MB)
May 13 13:07:23 raspberrypi kernel: [    0.000000]       .text : 0x80008000 - 0x80800000   (8160 kB)
May 13 13:07:23 raspberrypi kernel: [    0.000000]       .init : 0x80b00000 - 0x80c00000   (1024 kB)
May 13 13:07:23 raspberrypi kernel: [    0.000000]       .data : 0x80c00000 - 0x80c8fd34   ( 576 kB)
May 13 13:07:23 raspberrypi kernel: [    0.000000]        .bss : 0x80c97108 - 0x80d478e4   ( 706 kB)
May 13 13:07:23 raspberrypi kernel: [    0.000000] SLUB: HWalign=64, Order=0-3, MinObjects=0, CPUs=4, Nodes=1
May 13 13:07:23 raspberrypi kernel: [    0.000000] ftrace: allocating 25154 entries in 74 pages
May 13 13:07:23 raspberrypi kernel: [    0.000000] 
May 13 13:07:23 raspberrypi kernel: [    0.000000] **********************************************************
May 13 13:07:23 raspberrypi kernel: [    0.000000] **   NOTICE NOTICE NOTICE NOTICE NOTICE NOTICE NOTICE   **
May 13 13:07:23 raspberrypi kernel: [    0.000000] **                                                      **
May 13 13:07:23 raspberrypi kernel: [    0.000000] ** trace_printk() being used. Allocating extra memory.  **
May 13 13:07:23 raspberrypi kernel: [    0.000000] **                                                      **
May 13 13:07:23 raspberrypi kernel: [    0.000000] ** This means that this is a DEBUG kernel and it is     **
May 13 13:07:23 raspberrypi kernel: [    0.000000] ** unsafe for production use.                           **
May 13 13:07:23 raspberrypi kernel: [    0.000000] **                                                      **
May 13 13:07:23 raspberrypi kernel: [    0.000000] ** If you see this message and you are not debugging    **
May 13 13:07:23 raspberrypi kernel: [    0.000000] ** the kernel, report this immediately to your vendor!  **
May 13 13:07:23 raspberrypi kernel: [    0.000000] **                                                      **
May 13 13:07:23 raspberrypi kernel: [    0.000000] **   NOTICE NOTICE NOTICE NOTICE NOTICE NOTICE NOTICE   **
May 13 13:07:23 raspberrypi kernel: [    0.000000] **********************************************************
May 13 13:07:23 raspberrypi kernel: [    0.000000] Hierarchical RCU implementation.
May 13 13:07:23 raspberrypi kernel: [    0.000000] NR_IRQS: 16, nr_irqs: 16, preallocated irqs: 16
May 13 13:07:23 raspberrypi kernel: [    0.000000] arch_timer: cp15 timer(s) running at 19.20MHz (phys).
May 13 13:07:23 raspberrypi kernel: [    0.000000] clocksource: arch_sys_counter: mask: 0xffffffffffffff max_cycles: 0x46d987e47, max_idle_ns: 440795202767 ns
May 13 13:07:23 raspberrypi kernel: [    0.000007] sched_clock: 56 bits at 19MHz, resolution 52ns, wraps every 4398046511078ns
May 13 13:07:23 raspberrypi kernel: [    0.000017] Switching to timer-based delay loop, resolution 52ns
May 13 13:07:23 raspberrypi kernel: [    0.000259] Console: colour dummy device 80x30
May 13 13:07:23 raspberrypi kernel: [    0.000276] console [tty1] enabled
May 13 13:07:23 raspberrypi kernel: [    0.000300] Calibrating delay loop (skipped), value calculated using timer frequency.. 38.40 BogoMIPS (lpj=192000)
May 13 13:07:23 raspberrypi kernel: [    0.000314] pid_max: default: 32768 minimum: 301
May 13 13:07:23 raspberrypi kernel: [    0.000624] Mount-cache hash table entries: 2048 (order: 1, 8192 bytes)
May 13 13:07:23 raspberrypi kernel: [    0.000638] Mountpoint-cache hash table entries: 2048 (order: 1, 8192 bytes)
May 13 13:07:23 raspberrypi kernel: [    0.001557] Disabling memory control group subsystem
May 13 13:07:23 raspberrypi kernel: [    0.001628] CPU: Testing write buffer coherency: ok
May 13 13:07:23 raspberrypi kernel: [    0.002017] CPU0: thread -1, cpu 0, socket 0, mpidr 80000000
May 13 13:07:23 raspberrypi kernel: [    0.002401] Setting up static identity map for 0x100000 - 0x10003c
May 13 13:07:23 raspberrypi kernel: [    0.002519] Hierarchical SRCU implementation.
May 13 13:07:23 raspberrypi kernel: [    0.003156] smp: Bringing up secondary CPUs ...
May 13 13:07:23 raspberrypi kernel: [    0.004276] CPU1: thread -1, cpu 1, socket 0, mpidr 80000001
May 13 13:07:23 raspberrypi kernel: [    0.005455] CPU2: thread -1, cpu 2, socket 0, mpidr 80000002
May 13 13:07:23 raspberrypi kernel: [    0.006608] CPU3: thread -1, cpu 3, socket 0, mpidr 80000003
May 13 13:07:23 raspberrypi kernel: [    0.006717] smp: Brought up 1 node, 4 CPUs
May 13 13:07:23 raspberrypi kernel: [    0.006727] SMP: Total of 4 processors activated (153.60 BogoMIPS).
May 13 13:07:23 raspberrypi kernel: [    0.006733] CPU: All CPU(s) started in HYP mode.
May 13 13:07:23 raspberrypi kernel: [    0.006736] CPU: Virtualization extensions available.
May 13 13:07:23 raspberrypi kernel: [    0.007576] devtmpfs: initialized
May 13 13:07:23 raspberrypi kernel: [    0.017104] random: get_random_u32 called from bucket_table_alloc+0x100/0x254 with crng_init=0
May 13 13:07:23 raspberrypi kernel: [    0.017851] VFP support v0.3: implementor 41 architecture 3 part 40 variant 3 rev 4
May 13 13:07:23 raspberrypi kernel: [    0.018065] clocksource: jiffies: mask: 0xffffffff max_cycles: 0xffffffff, max_idle_ns: 19112604462750000 ns
May 13 13:07:23 raspberrypi kernel: [    0.018082] futex hash table entries: 1024 (order: 4, 65536 bytes)
May 13 13:07:23 raspberrypi kernel: [    0.018656] pinctrl core: initialized pinctrl subsystem
May 13 13:07:23 raspberrypi kernel: [    0.019383] NET: Registered protocol family 16
May 13 13:07:23 raspberrypi kernel: [    0.022044] DMA: preallocated 1024 KiB pool for atomic coherent allocations
May 13 13:07:23 raspberrypi kernel: [    0.026741] hw-breakpoint: found 5 (+1 reserved) breakpoint and 4 watchpoint registers.
May 13 13:07:23 raspberrypi kernel: [    0.026748] hw-breakpoint: maximum watchpoint size is 8 bytes.
May 13 13:07:23 raspberrypi kernel: [    0.026934] Serial: AMBA PL011 UART driver
May 13 13:07:23 raspberrypi kernel: [    0.028507] bcm2835-mbox 3f00b880.mailbox: mailbox enabled
May 13 13:07:23 raspberrypi kernel: [    0.028950] uart-pl011 3f201000.serial: could not find pctldev for node /soc/gpio@7e200000/uart0_pins, deferring probe
May 13 13:07:23 raspberrypi kernel: [    0.058907] bcm2835-dma 3f007000.dma: DMA legacy API manager at bb813000, dmachans=0x1
May 13 13:07:23 raspberrypi kernel: [    0.060356] SCSI subsystem initialized
May 13 13:07:23 raspberrypi kernel: [    0.060574] usbcore: registered new interface driver usbfs
May 13 13:07:23 raspberrypi kernel: [    0.060624] usbcore: registered new interface driver hub
May 13 13:07:23 raspberrypi kernel: [    0.060708] usbcore: registered new device driver usb
May 13 13:07:23 raspberrypi kernel: [    0.070083] raspberrypi-firmware soc:firmware: Attached to firmware from 2018-04-16 18:16
May 13 13:07:23 raspberrypi kernel: [    0.071478] clocksource: Switched to clocksource arch_sys_counter
May 13 13:07:23 raspberrypi kernel: [    0.147460] VFS: Disk quotas dquot_6.6.0
May 13 13:07:23 raspberrypi kernel: [    0.147558] VFS: Dquot-cache hash table entries: 1024 (order 0, 4096 bytes)
May 13 13:07:23 raspberrypi kernel: [    0.147737] FS-Cache: Loaded
May 13 13:07:23 raspberrypi kernel: [    0.147938] CacheFiles: Loaded
May 13 13:07:23 raspberrypi kernel: [    0.156753] NET: Registered protocol family 2
May 13 13:07:23 raspberrypi kernel: [    0.157537] TCP established hash table entries: 8192 (order: 3, 32768 bytes)
May 13 13:07:23 raspberrypi kernel: [    0.157646] TCP bind hash table entries: 8192 (order: 4, 65536 bytes)
May 13 13:07:23 raspberrypi kernel: [    0.157830] TCP: Hash tables configured (established 8192 bind 8192)
May 13 13:07:23 raspberrypi kernel: [    0.157957] UDP hash table entries: 512 (order: 2, 16384 bytes)
May 13 13:07:23 raspberrypi kernel: [    0.158000] UDP-Lite hash table entries: 512 (order: 2, 16384 bytes)
May 13 13:07:23 raspberrypi kernel: [    0.158221] NET: Registered protocol family 1
May 13 13:07:23 raspberrypi kernel: [    0.158649] RPC: Registered named UNIX socket transport module.
May 13 13:07:23 raspberrypi kernel: [    0.158655] RPC: Registered udp transport module.
May 13 13:07:23 raspberrypi kernel: [    0.158659] RPC: Registered tcp transport module.
May 13 13:07:23 raspberrypi kernel: [    0.158664] RPC: Registered tcp NFSv4.1 backchannel transport module.
May 13 13:07:23 raspberrypi kernel: [    0.160178] hw perfevents: enabled with armv7_cortex_a7 PMU driver, 7 counters available
May 13 13:07:23 raspberrypi kernel: [    0.162864] workingset: timestamp_bits=14 max_order=18 bucket_order=4
May 13 13:07:23 raspberrypi kernel: [    0.170478] FS-Cache: Netfs 'nfs' registered for caching
May 13 13:07:23 raspberrypi kernel: [    0.171058] NFS: Registering the id_resolver key type
May 13 13:07:23 raspberrypi kernel: [    0.171092] Key type id_resolver registered
May 13 13:07:23 raspberrypi kernel: [    0.171098] Key type id_legacy registered
May 13 13:07:23 raspberrypi kernel: [    0.171113] nfs4filelayout_init: NFSv4 File Layout Driver Registering...
May 13 13:07:23 raspberrypi kernel: [    0.173027] Block layer SCSI generic (bsg) driver version 0.4 loaded (major 251)
May 13 13:07:23 raspberrypi kernel: [    0.173149] io scheduler noop registered
May 13 13:07:23 raspberrypi kernel: [    0.173155] io scheduler deadline registered (default)
May 13 13:07:23 raspberrypi kernel: [    0.173419] io scheduler cfq registered
May 13 13:07:23 raspberrypi kernel: [    0.173425] io scheduler mq-deadline registered
May 13 13:07:23 raspberrypi kernel: [    0.173431] io scheduler kyber registered
May 13 13:07:23 raspberrypi kernel: [    0.176093] BCM2708FB: allocated DMA memory fad10000
May 13 13:07:23 raspberrypi kernel: [    0.176119] BCM2708FB: allocated DMA channel 0 @ bb813000
May 13 13:07:23 raspberrypi kernel: [    0.221151] Console: switching to colour frame buffer device 228x61
May 13 13:07:23 raspberrypi kernel: [    0.246940] bcm2835-rng 3f104000.rng: hwrng registered
May 13 13:07:23 raspberrypi kernel: [    0.247067] vc-mem: phys_addr:0x00000000 mem_base=0x3ec00000 mem_size:0x40000000(1024 MiB)
May 13 13:07:23 raspberrypi kernel: [    0.247553] vc-sm: Videocore shared memory driver
May 13 13:07:23 raspberrypi kernel: [    0.247820] gpiomem-bcm2835 3f200000.gpiomem: Initialised: Registers at 0x3f200000
May 13 13:07:23 raspberrypi kernel: [    0.257184] brd: module loaded
May 13 13:07:23 raspberrypi kernel: [    0.266231] loop: module loaded
May 13 13:07:23 raspberrypi kernel: [    0.266245] Loading iSCSI transport class v2.0-870.
May 13 13:07:23 raspberrypi kernel: [    0.266911] libphy: Fixed MDIO Bus: probed
May 13 13:07:23 raspberrypi kernel: [    0.267007] usbcore: registered new interface driver lan78xx
May 13 13:07:23 raspberrypi kernel: [    0.267061] usbcore: registered new interface driver smsc95xx
May 13 13:07:23 raspberrypi kernel: [    0.267078] dwc_otg: version 3.00a 10-AUG-2012 (platform bus)
May 13 13:07:23 raspberrypi kernel: [    0.495226] Core Release: 2.80a
May 13 13:07:23 raspberrypi kernel: [    0.495236] Setting default values for core params
May 13 13:07:23 raspberrypi kernel: [    0.495266] Finished setting default values for core params
May 13 13:07:23 raspberrypi kernel: [    0.695520] Using Buffer DMA mode
May 13 13:07:23 raspberrypi kernel: [    0.695525] Periodic Transfer Interrupt Enhancement - disabled
May 13 13:07:23 raspberrypi kernel: [    0.695530] Multiprocessor Interrupt Enhancement - disabled
May 13 13:07:23 raspberrypi kernel: [    0.695536] OTG VER PARAM: 0, OTG VER FLAG: 0
May 13 13:07:23 raspberrypi kernel: [    0.695547] Dedicated Tx FIFOs mode
May 13 13:07:23 raspberrypi kernel: [    0.695906] WARN::dwc_otg_hcd_init:1046: FIQ DMA bounce buffers: virt = 0xbad04000 dma = 0xfad04000 len=9024
May 13 13:07:23 raspberrypi kernel: [    0.695934] FIQ FSM acceleration enabled for :
May 13 13:07:23 raspberrypi kernel: [    0.695934] Non-periodic Split Transactions
May 13 13:07:23 raspberrypi kernel: [    0.695934] Periodic Split Transactions
May 13 13:07:23 raspberrypi kernel: [    0.695934] High-Speed Isochronous Endpoints
May 13 13:07:23 raspberrypi kernel: [    0.695934] Interrupt/Control Split Transaction hack enabled
May 13 13:07:23 raspberrypi kernel: [    0.695942] dwc_otg: Microframe scheduler enabled
May 13 13:07:23 raspberrypi kernel: [    0.696044] WARN::hcd_init_fiq:459: FIQ on core 1 at 0x805e992c
May 13 13:07:23 raspberrypi kernel: [    0.696055] WARN::hcd_init_fiq:460: FIQ ASM at 0x805e9c84 length 36
May 13 13:07:23 raspberrypi kernel: [    0.696068] WARN::hcd_init_fiq:486: MPHI regs_base at 0xbb87e000
May 13 13:07:23 raspberrypi kernel: [    0.696125] dwc_otg 3f980000.usb: DWC OTG Controller
May 13 13:07:23 raspberrypi kernel: [    0.696159] dwc_otg 3f980000.usb: new USB bus registered, assigned bus number 1
May 13 13:07:23 raspberrypi kernel: [    0.696191] dwc_otg 3f980000.usb: irq 62, io mem 0x00000000
May 13 13:07:23 raspberrypi kernel: [    0.696239] Init: Port Power? op_state=1
May 13 13:07:23 raspberrypi kernel: [    0.696244] Init: Power Port (0)
May 13 13:07:23 raspberrypi kernel: [    0.696455] usb usb1: New USB device found, idVendor=1d6b, idProduct=0002
May 13 13:07:23 raspberrypi kernel: [    0.696465] usb usb1: New USB device strings: Mfr=3, Product=2, SerialNumber=1
May 13 13:07:23 raspberrypi kernel: [    0.696473] usb usb1: Product: DWC OTG Controller
May 13 13:07:23 raspberrypi kernel: [    0.696482] usb usb1: Manufacturer: Linux 4.14.39-v7+ dwc_otg_hcd
May 13 13:07:23 raspberrypi kernel: [    0.696491] usb usb1: SerialNumber: 3f980000.usb
May 13 13:07:23 raspberrypi kernel: [    0.697101] hub 1-0:1.0: USB hub found
May 13 13:07:23 raspberrypi kernel: [    0.697143] hub 1-0:1.0: 1 port detected
May 13 13:07:23 raspberrypi kernel: [    0.697695] dwc_otg: FIQ enabled
May 13 13:07:23 raspberrypi kernel: [    0.697700] dwc_otg: NAK holdoff enabled
May 13 13:07:23 raspberrypi kernel: [    0.697706] dwc_otg: FIQ split-transaction FSM enabled
May 13 13:07:23 raspberrypi kernel: [    0.697715] Module dwc_common_port init
May 13 13:07:23 raspberrypi kernel: [    0.697965] usbcore: registered new interface driver usb-storage
May 13 13:07:23 raspberrypi kernel: [    0.698131] mousedev: PS/2 mouse device common for all mice
May 13 13:07:23 raspberrypi kernel: [    0.698204] IR NEC protocol handler initialized
May 13 13:07:23 raspberrypi kernel: [    0.698212] IR RC5(x/sz) protocol handler initialized
May 13 13:07:23 raspberrypi kernel: [    0.698216] IR RC6 protocol handler initialized
May 13 13:07:23 raspberrypi kernel: [    0.698221] IR JVC protocol handler initialized
May 13 13:07:23 raspberrypi kernel: [    0.698227] IR Sony protocol handler initialized
May 13 13:07:23 raspberrypi kernel: [    0.698231] IR SANYO protocol handler initialized
May 13 13:07:23 raspberrypi kernel: [    0.698236] IR Sharp protocol handler initialized
May 13 13:07:23 raspberrypi kernel: [    0.698242] IR MCE Keyboard/mouse protocol handler initialized
May 13 13:07:23 raspberrypi kernel: [    0.698246] IR XMP protocol handler initialized
May 13 13:07:23 raspberrypi kernel: [    0.698916] bcm2835-wdt 3f100000.watchdog: Broadcom BCM2835 watchdog timer
May 13 13:07:23 raspberrypi kernel: [    0.699186] bcm2835-cpufreq: min=600000 max=1200000
May 13 13:07:23 raspberrypi kernel: [    0.699538] sdhci: Secure Digital Host Controller Interface driver
May 13 13:07:23 raspberrypi kernel: [    0.699544] sdhci: Copyright(c) Pierre Ossman
May 13 13:07:23 raspberrypi kernel: [    0.699892] mmc-bcm2835 3f300000.mmc: could not get clk, deferring probe
May 13 13:07:23 raspberrypi kernel: [    0.700205] sdhost-bcm2835 3f202000.mmc: could not get clk, deferring probe
May 13 13:07:23 raspberrypi kernel: [    0.700295] sdhci-pltfm: SDHCI platform and OF driver helper
May 13 13:07:23 raspberrypi kernel: [    0.701775] ledtrig-cpu: registered to indicate activity on CPUs
May 13 13:07:23 raspberrypi kernel: [    0.701959] hidraw: raw HID events driver (C) Jiri Kosina
May 13 13:07:23 raspberrypi kernel: [    0.702085] usbcore: registered new interface driver usbhid
May 13 13:07:23 raspberrypi kernel: [    0.702091] usbhid: USB HID core driver
May 13 13:07:23 raspberrypi kernel: [    0.702856] vchiq: vchiq_init_state: slot_zero = bad80000, is_master = 0
May 13 13:07:23 raspberrypi kernel: [    0.704309] [vc_sm_connected_init]: start
May 13 13:07:23 raspberrypi kernel: [    0.714002] [vc_sm_connected_init]: end - returning 0
May 13 13:07:23 raspberrypi kernel: [    0.714595] Initializing XFRM netlink socket
May 13 13:07:23 raspberrypi kernel: [    0.714617] NET: Registered protocol family 17
May 13 13:07:23 raspberrypi kernel: [    0.714719] Key type dns_resolver registered
May 13 13:07:23 raspberrypi kernel: [    0.715253] Registering SWP/SWPB emulation handler
May 13 13:07:23 raspberrypi kernel: [    0.715835] registered taskstats version 1
May 13 13:07:23 raspberrypi kernel: [    0.721700] uart-pl011 3f201000.serial: cts_event_workaround enabled
May 13 13:07:23 raspberrypi kernel: [    0.721771] 3f201000.serial: ttyAMA0 at MMIO 0x3f201000 (irq = 87, base_baud = 0) is a PL011 rev2
May 13 13:07:23 raspberrypi kernel: [    0.723463] mmc-bcm2835 3f300000.mmc: mmc_debug:0 mmc_debug2:0
May 13 13:07:23 raspberrypi kernel: [    0.723472] mmc-bcm2835 3f300000.mmc: DMA channel allocated
May 13 13:07:23 raspberrypi kernel: [    0.782116] sdhost: log_buf @ bad07000 (fad07000)
May 13 13:07:23 raspberrypi kernel: [    0.818088] mmc1: queuing unknown CIS tuple 0x80 (2 bytes)
May 13 13:07:23 raspberrypi kernel: [    0.819676] mmc1: queuing unknown CIS tuple 0x80 (3 bytes)
May 13 13:07:23 raspberrypi kernel: [    0.821264] mmc1: queuing unknown CIS tuple 0x80 (3 bytes)
May 13 13:07:23 raspberrypi kernel: [    0.824082] mmc1: queuing unknown CIS tuple 0x80 (7 bytes)
May 13 13:07:23 raspberrypi kernel: [    0.861500] mmc0: sdhost-bcm2835 loaded - DMA enabled (>1)
May 13 13:07:23 raspberrypi kernel: [    0.862561] of_cfs_init
May 13 13:07:23 raspberrypi kernel: [    0.862705] of_cfs_init: OK
May 13 13:07:23 raspberrypi kernel: [    0.863235] Waiting for root device PARTUUID=83c72cd0-02...
May 13 13:07:23 raspberrypi kernel: [    0.900654] random: fast init done
May 13 13:07:23 raspberrypi kernel: [    0.911605] Indeed it is in host mode hprt0 = 00021501
May 13 13:07:23 raspberrypi kernel: [    1.001692] mmc1: new high speed SDIO card at address 0001
May 13 13:07:23 raspberrypi kernel: [    1.037804] [+] in_interrupt: 0x00010000,preempt_count = 0x00010000, stack=0x80c00000 
May 13 13:07:23 raspberrypi kernel: [    1.039271] [+] in_interrupt: 0x00010000,preempt_count = 0x00010000, stack=0x80c00000 
May 13 13:07:23 raspberrypi kernel: [    1.041839] [+] in_interrupt: 0x00010000,preempt_count = 0x00010000, stack=0x80c00000 
May 13 13:07:23 raspberrypi kernel: [    1.042911] mmc0: host does not support reading read-only switch, assuming write-enable
May 13 13:07:23 raspberrypi kernel: [    1.044570] [+] in_interrupt: 0x00010000,preempt_count = 0x00010000, stack=0x80c00000 
 
